Collecting fastapi==0.141.1 (from -r /validation/requirements.in (line 2))
  Downloading fastapi-0.141.1-py3-none-any.whl.metadata (27 kB)
Collecting SQLAlchemy==2.0.54 (from -r /validation/requirements.in (line 3))
  Downloading sqlalchemy-2.0.54-cp312-cp312-manylinux2014_x86_64.manylinux_2_17_x86_64.manylinux_2_28_x86_64.whl.metadata (9.7 kB)
Collecting psycopg==3.3.6 (from psycopg[binary]==3.3.6->-r /validation/requirements.in (line 4))
  Downloading psycopg-3.3.6-py3-none-any.whl.metadata (4.4 kB)
Collecting alembic==1.20.0 (from -r /validation/requirements.in (line 5))
  Downloading alembic-1.20.0-py3-none-any.whl.metadata (7.3 kB)
Collecting GeoAlchemy2==0.20.0 (from -r /validation/requirements.in (line 6))
  Downloading geoalchemy2-0.20.0-py3-none-any.whl.metadata (2.0 kB)
Collecting uvicorn==0.54.0 (from -r /validation/requirements.in (line 7))
  Downloading uvicorn-0.54.0-py3-none-any.whl.metadata (6.6 kB)
Collecting pytest==9.1.1 (from -r /validation/requirements.in (line 8))
  Downloading pytest-9.1.1-py3-none-any.whl.metadata (7.6 kB)
Collecting httpx==0.28.1 (from -r /validation/requirements.in (line 9))
  Downloading httpx-0.28.1-py3-none-any.whl.metadata (7.1 kB)
Collecting PyJWT==2.10.1 (from -r /validation/requirements.in (line 10))
  Downloading PyJWT-2.10.1-py3-none-any.whl.metadata (4.0 kB)
Collecting pwdlib==0.3.0 (from pwdlib[argon2]==0.3.0->-r /validation/requirements.in (line 11))
  Downloading pwdlib-0.3.0-py3-none-any.whl.metadata (4.1 kB)
Collecting pydantic-settings==2.13.1 (from -r /validation/requirements.in (line 12))
  Downloading pydantic_settings-2.13.1-py3-none-any.whl.metadata (3.4 kB)
Collecting python-multipart==0.0.22 (from -r /validation/requirements.in (line 13))
  Downloading python_multipart-0.0.22-py3-none-any.whl.metadata (1.8 kB)
Collecting starlette>=0.46.0 (from fastapi==0.141.1->-r /validation/requirements.in (line 2))
  Downloading starlette-1.7.0-py3-none-any.whl.metadata (6.6 kB)
Collecting pydantic>=2.9.0 (from fastapi==0.141.1->-r /validation/requirements.in (line 2))
  Downloading pydantic-2.13.5-py3-none-any.whl.metadata (110 kB)
     ━━━━━━━━━━━━━━━━━━━━━━━━━━━━━━━━━━━━━ 110.2/110.2 kB 659.7 kB/s eta 0:00:00
Collecting typing-extensions>=4.8.0 (from fastapi==0.141.1->-r /validation/requirements.in (line 2))
  Downloading typing_extensions-4.16.0-py3-none-any.whl.metadata (3.3 kB)
Collecting typing-inspection>=0.4.2 (from fastapi==0.141.1->-r /validation/requirements.in (line 2))
  Downloading typing_inspection-0.4.4-py3-none-any.whl.metadata (2.6 kB)
Collecting annotated-doc>=0.0.2 (from fastapi==0.141.1->-r /validation/requirements.in (line 2))
  Downloading annotated_doc-0.0.5-py3-none-any.whl.metadata (6.5 kB)
Collecting greenlet>=1 (from SQLAlchemy==2.0.54->-r /validation/requirements.in (line 3))
  Downloading greenlet-3.5.6-cp312-cp312-manylinux_2_24_x86_64.manylinux_2_28_x86_64.whl.metadata (3.8 kB)
Collecting Mako (from alembic==1.20.0->-r /validation/requirements.in (line 5))
  Downloading mako-1.4.3-py3-none-any.whl.metadata (2.9 kB)
Collecting packaging (from GeoAlchemy2==0.20.0->-r /validation/requirements.in (line 6))
  Downloading packaging-26.3-py3-none-any.whl.metadata (3.5 kB)
Collecting click>=7.0 (from uvicorn==0.54.0->-r /validation/requirements.in (line 7))
  Downloading click-8.5.0-py3-none-any.whl.metadata (2.6 kB)
Collecting h11>=0.8 (from uvicorn==0.54.0->-r /validation/requirements.in (line 7))
  Downloading h11-0.16.0-py3-none-any.whl.metadata (8.3 kB)
Collecting iniconfig>=1.0.1 (from pytest==9.1.1->-r /validation/requirements.in (line 8))
  Downloading iniconfig-2.3.0-py3-none-any.whl.metadata (2.5 kB)
Collecting pluggy<2,>=1.5 (from pytest==9.1.1->-r /validation/requirements.in (line 8))
  Downloading pluggy-1.6.0-py3-none-any.whl.metadata (4.8 kB)
Collecting pygments>=2.7.2 (from pytest==9.1.1->-r /validation/requirements.in (line 8))
  Downloading pygments-2.21.0-py3-none-any.whl.metadata (2.5 kB)
Collecting anyio (from httpx==0.28.1->-r /validation/requirements.in (line 9))
  Downloading anyio-4.15.1-py3-none-any.whl.metadata (4.7 kB)
Collecting certifi (from httpx==0.28.1->-r /validation/requirements.in (line 9))
  Downloading certifi-2026.7.22-py3-none-any.whl.metadata (2.5 kB)
Collecting httpcore==1.* (from httpx==0.28.1->-r /validation/requirements.in (line 9))
  Downloading httpcore-1.0.9-py3-none-any.whl.metadata (21 kB)
Collecting idna (from httpx==0.28.1->-r /validation/requirements.in (line 9))
  Downloading idna-3.20-py3-none-any.whl.metadata (7.2 kB)
Collecting python-dotenv>=0.21.0 (from pydantic-settings==2.13.1->-r /validation/requirements.in (line 12))
  Downloading python_dotenv-1.2.3-py3-none-any.whl.metadata (29 kB)
Collecting psycopg-binary==3.3.6 (from psycopg[binary]==3.3.6->-r /validation/requirements.in (line 4))
  Downloading psycopg_binary-3.3.6-cp312-cp312-manylinux2014_x86_64.manylinux_2_17_x86_64.whl.metadata (2.7 kB)
Collecting argon2-cffi<26,>=23.1.0 (from pwdlib[argon2]==0.3.0->-r /validation/requirements.in (line 11))
  Downloading argon2_cffi-25.1.0-py3-none-any.whl.metadata (4.1 kB)
Collecting argon2-cffi-bindings (from argon2-cffi<26,>=23.1.0->pwdlib[argon2]==0.3.0->-r /validation/requirements.in (line 11))
  Downloading argon2_cffi_bindings-26.1.0-cp310-abi3-manylinux_2_26_x86_64.manylinux_2_28_x86_64.whl.metadata (7.5 kB)
Collecting annotated-types>=0.6.0 (from pydantic>=2.9.0->fastapi==0.141.1->-r /validation/requirements.in (line 2))
  Downloading annotated_types-0.8.0-py3-none-any.whl.metadata (15 kB)
Collecting pydantic-core==2.46.5 (from pydantic>=2.9.0->fastapi==0.141.1->-r /validation/requirements.in (line 2))
  Downloading pydantic_core-2.46.5-cp312-cp312-manylinux_2_17_x86_64.manylinux2014_x86_64.whl.metadata (6.6 kB)
Collecting MarkupSafe>=2.0 (from Mako->alembic==1.20.0->-r /validation/requirements.in (line 5))
  Downloading markupsafe-3.0.3-cp312-cp312-manylinux2014_x86_64.manylinux_2_17_x86_64.manylinux_2_28_x86_64.whl.metadata (2.7 kB)
Collecting cffi>=1.0.1 (from argon2-cffi-bindings->argon2-cffi<26,>=23.1.0->pwdlib[argon2]==0.3.0->-r /validation/requirements.in (line 11))
  Downloading cffi-2.1.1-cp312-cp312-manylinux2014_x86_64.manylinux_2_17_x86_64.whl.metadata (2.5 kB)
Collecting pycparser (from cffi>=1.0.1->argon2-cffi-bindings->argon2-cffi<26,>=23.1.0->pwdlib[argon2]==0.3.0->-r /validation/requirements.in (line 11))
  Downloading pycparser-3.0-py3-none-any.whl.metadata (8.2 kB)
Downloading fastapi-0.141.1-py3-none-any.whl (131 kB)
   ━━━━━━━━━━━━━━━━━━━━━━━━━━━━━━━━━━━━━━━ 132.0/132.0 kB 968.7 kB/s eta 0:00:00
Downloading sqlalchemy-2.0.54-cp312-cp312-manylinux2014_x86_64.manylinux_2_17_x86_64.manylinux_2_28_x86_64.whl (3.5 MB)
   ━━━━━━━━━━━━━━━━━━━━━━━━━━━━━━━━━━━━━━━━ 3.5/3.5 MB 1.3 MB/s eta 0:00:00
Downloading psycopg-3.3.6-py3-none-any.whl (215 kB)
   ━━━━━━━━━━━━━━━━━━━━━━━━━━━━━━━━━━━━━━━ 215.5/215.5 kB 543.0 kB/s eta 0:00:00
Downloading alembic-1.20.0-py3-none-any.whl (268 kB)
   ━━━━━━━━━━━━━━━━━━━━━━━━━━━━━━━━━━━━━━━ 268.7/268.7 kB 359.5 kB/s eta 0:00:00
Downloading geoalchemy2-0.20.0-py3-none-any.whl (96 kB)
   ━━━━━━━━━━━━━━━━━━━━━━━━━━━━━━━━━━━━━━━━ 96.5/96.5 kB 267.9 kB/s eta 0:00:00
Downloading uvicorn-0.54.0-py3-none-any.whl (87 kB)
   ━━━━━━━━━━━━━━━━━━━━━━━━━━━━━━━━━━━━━━━━ 87.4/87.4 kB 276.9 kB/s eta 0:00:00
Downloading pytest-9.1.1-py3-none-any.whl (386 kB)
   ━━━━━━━━━━━━━━━━━━━━━━━━━━━━━━━━━━━━━━━ 386.5/386.5 kB 261.5 kB/s eta 0:00:00
Downloading httpx-0.28.1-py3-none-any.whl (73 kB)
   ━━━━━━━━━━━━━━━━━━━━━━━━━━━━━━━━━━━━━━━━ 73.5/73.5 kB 198.4 kB/s eta 0:00:00
Downloading PyJWT-2.10.1-py3-none-any.whl (22 kB)
Downloading pwdlib-0.3.0-py3-none-any.whl (8.6 kB)
Downloading pydantic_settings-2.13.1-py3-none-any.whl (58 kB)
   ━━━━━━━━━━━━━━━━━━━━━━━━━━━━━━━━━━━━━━━━ 58.9/58.9 kB 161.9 kB/s eta 0:00:00
Downloading python_multipart-0.0.22-py3-none-any.whl (24 kB)
Downloading httpcore-1.0.9-py3-none-any.whl (78 kB)
   ━━━━━━━━━━━━━━━━━━━━━━━━━━━━━━━━━━━━━━━━ 78.8/78.8 kB 155.0 kB/s eta 0:00:00
Downloading psycopg_binary-3.3.6-cp312-cp312-manylinux2014_x86_64.manylinux_2_17_x86_64.whl (5.2 MB)
   ━━━━━━━━━━━━━━━━━━━━━━━━━━━━━━━━━━━━━━━━ 5.2/5.2 MB 241.1 kB/s eta 0:00:00
Downloading annotated_doc-0.0.5-py3-none-any.whl (5.3 kB)
Downloading argon2_cffi-25.1.0-py3-none-any.whl (14 kB)
Downloading click-8.5.0-py3-none-any.whl (125 kB)
   ━━━━━━━━━━━━━━━━━━━━━━━━━━━━━━━━━━━━━━━ 125.3/125.3 kB 243.7 kB/s eta 0:00:00
Downloading greenlet-3.5.6-cp312-cp312-manylinux_2_24_x86_64.manylinux_2_28_x86_64.whl (621 kB)
   ━━━━━━━━━━━━━━━━━━━━━━━━━━━━━━━━━━━━━━━ 621.4/621.4 kB 158.8 kB/s eta 0:00:00
Downloading h11-0.16.0-py3-none-any.whl (37 kB)
Downloading iniconfig-2.3.0-py3-none-any.whl (7.5 kB)
Downloading packaging-26.3-py3-none-any.whl (129 kB)
   ━━━━━━━━━━━━━━━━━━━━━━━━━━━━━━━━━━━━━━━ 130.0/130.0 kB 155.0 kB/s eta 0:00:00
Downloading pluggy-1.6.0-py3-none-any.whl (20 kB)
Downloading pydantic-2.13.5-py3-none-any.whl (472 kB)
   ━━━━━━━━━━━━━━━━━━━━━━━━━━━━━━━━━━━━━━━ 472.6/472.6 kB 140.4 kB/s eta 0:00:00
Downloading pydantic_core-2.46.5-cp312-cp312-manylinux_2_17_x86_64.manylinux2014_x86_64.whl (2.1 MB)
   ━━━━━━━━━━━━━━━━━━━━━━━━━━━━━━━━━━━━━━━━ 2.1/2.1 MB 227.7 kB/s eta 0:00:00
Downloading pygments-2.21.0-py3-none-any.whl (1.3 MB)
   ━━━━━━━━━━━━━━━━━━━━━━━━━━━━━━━━━━━━━━━━ 1.3/1.3 MB 262.5 kB/s eta 0:00:00
Downloading python_dotenv-1.2.3-py3-none-any.whl (22 kB)
Downloading starlette-1.7.0-py3-none-any.whl (78 kB)
   ━━━━━━━━━━━━━━━━━━━━━━━━━━━━━━━━━━━━━━━━ 79.0/79.0 kB 249.1 kB/s eta 0:00:00
Downloading anyio-4.15.1-py3-none-any.whl (132 kB)
   ━━━━━━━━━━━━━━━━━━━━━━━━━━━━━━━━━━━━━━━ 132.1/132.1 kB 271.0 kB/s eta 0:00:00
Downloading idna-3.20-py3-none-any.whl (69 kB)
   ━━━━━━━━━━━━━━━━━━━━━━━━━━━━━━━━━━━━━━━━ 69.6/69.6 kB 272.1 kB/s eta 0:00:00
Downloading typing_extensions-4.16.0-py3-none-any.whl (45 kB)
   ━━━━━━━━━━━━━━━━━━━━━━━━━━━━━━━━━━━━━━━━ 45.6/45.6 kB 227.4 kB/s eta 0:00:00
Downloading typing_inspection-0.4.4-py3-none-any.whl (14 kB)
Downloading certifi-2026.7.22-py3-none-any.whl (136 kB)
   ━━━━━━━━━━━━━━━━━━━━━━━━━━━━━━━━━━━━━━━ 137.0/137.0 kB 227.3 kB/s eta 0:00:00
Downloading mako-1.4.3-py3-none-any.whl (80 kB)
   ━━━━━━━━━━━━━━━━━━━━━━━━━━━━━━━━━━━━━━━━ 80.2/80.2 kB 205.2 kB/s eta 0:00:00
Downloading annotated_types-0.8.0-py3-none-any.whl (13 kB)
Downloading markupsafe-3.0.3-cp312-cp312-manylinux2014_x86_64.manylinux_2_17_x86_64.manylinux_2_28_x86_64.whl (22 kB)
Downloading argon2_cffi_bindings-26.1.0-cp310-abi3-manylinux_2_26_x86_64.manylinux_2_28_x86_64.whl (26 kB)
Downloading cffi-2.1.1-cp312-cp312-manylinux2014_x86_64.manylinux_2_17_x86_64.whl (221 kB)
   ━━━━━━━━━━━━━━━━━━━━━━━━━━━━━━━━━━━━━━━ 221.8/221.8 kB 251.0 kB/s eta 0:00:00
Downloading pycparser-3.0-py3-none-any.whl (48 kB)
   ━━━━━━━━━━━━━━━━━━━━━━━━━━━━━━━━━━━━━━━━ 48.2/48.2 kB 277.4 kB/s eta 0:00:00
Installing collected packages: typing-extensions, python-multipart, python-dotenv, PyJWT, pygments, pycparser, pwdlib, psycopg-binary, pluggy, packaging, MarkupSafe, iniconfig, idna, h11, greenlet, click, certifi, annotated-types, annotated-doc, uvicorn, typing-inspection, SQLAlchemy, pytest, pydantic-core, psycopg, Mako, httpcore, cffi, anyio, starlette, pydantic, httpx, GeoAlchemy2, argon2-cffi-bindings, alembic, pydantic-settings, fastapi, argon2-cffi
Successfully installed GeoAlchemy2-0.20.0 Mako-1.4.3 MarkupSafe-3.0.3 PyJWT-2.10.1 SQLAlchemy-2.0.54 alembic-1.20.0 annotated-doc-0.0.5 annotated-types-0.8.0 anyio-4.15.1 argon2-cffi-25.1.0 argon2-cffi-bindings-26.1.0 certifi-2026.7.22 cffi-2.1.1 click-8.5.0 fastapi-0.141.1 greenlet-3.5.6 h11-0.16.0 httpcore-1.0.9 httpx-0.28.1 idna-3.20 iniconfig-2.3.0 packaging-26.3 pluggy-1.6.0 psycopg-3.3.6 psycopg-binary-3.3.6 pwdlib-0.3.0 pycparser-3.0 pydantic-2.13.5 pydantic-core-2.46.5 pydantic-settings-2.13.1 pygments-2.21.0 pytest-9.1.1 python-dotenv-1.2.3 python-multipart-0.0.22 starlette-1.7.0 typing-extensions-4.16.0 typing-inspection-0.4.4 uvicorn-0.54.0

[notice] A new release of pip is available: 24.0 -> 26.2.1
[notice] To update, run: python -m pip install --upgrade pip
