Collecting alembic==1.20.0 (from -r /evidence/requirements-linux-py312.lock (line 2))
  Using cached alembic-1.20.0-py3-none-any.whl (268 kB)
Collecting annotated-doc==0.0.5 (from -r /evidence/requirements-linux-py312.lock (line 3))
  Using cached annotated_doc-0.0.5-py3-none-any.whl (5.3 kB)
Collecting annotated-types==0.8.0 (from -r /evidence/requirements-linux-py312.lock (line 4))
  Using cached annotated_types-0.8.0-py3-none-any.whl (13 kB)
Collecting anyio==4.15.1 (from -r /evidence/requirements-linux-py312.lock (line 5))
  Using cached anyio-4.15.1-py3-none-any.whl (132 kB)
Collecting argon2-cffi==25.1.0 (from -r /evidence/requirements-linux-py312.lock (line 6))
  Using cached argon2_cffi-25.1.0-py3-none-any.whl (14 kB)
Collecting argon2-cffi-bindings==26.1.0 (from -r /evidence/requirements-linux-py312.lock (line 7))
  Using cached argon2_cffi_bindings-26.1.0-cp310-abi3-manylinux_2_26_x86_64.manylinux_2_28_x86_64.whl (26 kB)
Collecting certifi==2026.7.22 (from -r /evidence/requirements-linux-py312.lock (line 8))
  Using cached certifi-2026.7.22-py3-none-any.whl (136 kB)
Collecting cffi==2.1.1 (from -r /evidence/requirements-linux-py312.lock (line 9))
  Using cached cffi-2.1.1-cp312-cp312-manylinux2014_x86_64.manylinux_2_17_x86_64.whl (221 kB)
Collecting click==8.5.0 (from -r /evidence/requirements-linux-py312.lock (line 10))
  Using cached click-8.5.0-py3-none-any.whl (125 kB)
Collecting fastapi==0.141.1 (from -r /evidence/requirements-linux-py312.lock (line 11))
  Using cached fastapi-0.141.1-py3-none-any.whl (131 kB)
Collecting GeoAlchemy2==0.20.0 (from -r /evidence/requirements-linux-py312.lock (line 12))
  Using cached geoalchemy2-0.20.0-py3-none-any.whl (96 kB)
Collecting greenlet==3.5.6 (from -r /evidence/requirements-linux-py312.lock (line 13))
  Using cached greenlet-3.5.6-cp312-cp312-manylinux_2_24_x86_64.manylinux_2_28_x86_64.whl (621 kB)
Collecting h11==0.16.0 (from -r /evidence/requirements-linux-py312.lock (line 14))
  Using cached h11-0.16.0-py3-none-any.whl (37 kB)
Collecting httpcore==1.0.9 (from -r /evidence/requirements-linux-py312.lock (line 15))
  Using cached httpcore-1.0.9-py3-none-any.whl (78 kB)
Collecting httpx==0.28.1 (from -r /evidence/requirements-linux-py312.lock (line 16))
  Using cached httpx-0.28.1-py3-none-any.whl (73 kB)
Collecting idna==3.20 (from -r /evidence/requirements-linux-py312.lock (line 17))
  Using cached idna-3.20-py3-none-any.whl (69 kB)
Collecting iniconfig==2.3.0 (from -r /evidence/requirements-linux-py312.lock (line 18))
  Using cached iniconfig-2.3.0-py3-none-any.whl (7.5 kB)
Collecting Mako==1.4.3 (from -r /evidence/requirements-linux-py312.lock (line 19))
  Using cached mako-1.4.3-py3-none-any.whl (80 kB)
Collecting MarkupSafe==3.0.3 (from -r /evidence/requirements-linux-py312.lock (line 20))
  Using cached markupsafe-3.0.3-cp312-cp312-manylinux2014_x86_64.manylinux_2_17_x86_64.manylinux_2_28_x86_64.whl (22 kB)
Collecting packaging==26.3 (from -r /evidence/requirements-linux-py312.lock (line 21))
  Using cached packaging-26.3-py3-none-any.whl (129 kB)
Collecting pluggy==1.6.0 (from -r /evidence/requirements-linux-py312.lock (line 22))
  Using cached pluggy-1.6.0-py3-none-any.whl (20 kB)
Collecting psycopg==3.3.6 (from -r /evidence/requirements-linux-py312.lock (line 23))
  Using cached psycopg-3.3.6-py3-none-any.whl (215 kB)
Collecting psycopg-binary==3.3.6 (from -r /evidence/requirements-linux-py312.lock (line 24))
  Using cached psycopg_binary-3.3.6-cp312-cp312-manylinux2014_x86_64.manylinux_2_17_x86_64.whl (5.2 MB)
Collecting pwdlib==0.3.0 (from -r /evidence/requirements-linux-py312.lock (line 25))
  Using cached pwdlib-0.3.0-py3-none-any.whl (8.6 kB)
Collecting pycparser==3.0 (from -r /evidence/requirements-linux-py312.lock (line 26))
  Using cached pycparser-3.0-py3-none-any.whl (48 kB)
Collecting pydantic==2.13.5 (from -r /evidence/requirements-linux-py312.lock (line 27))
  Using cached pydantic-2.13.5-py3-none-any.whl (472 kB)
Collecting pydantic-settings==2.13.1 (from -r /evidence/requirements-linux-py312.lock (line 28))
  Using cached pydantic_settings-2.13.1-py3-none-any.whl (58 kB)
Collecting pydantic_core==2.46.5 (from -r /evidence/requirements-linux-py312.lock (line 29))
  Using cached pydantic_core-2.46.5-cp312-cp312-manylinux_2_17_x86_64.manylinux2014_x86_64.whl (2.1 MB)
Collecting Pygments==2.21.0 (from -r /evidence/requirements-linux-py312.lock (line 30))
  Using cached pygments-2.21.0-py3-none-any.whl (1.3 MB)
Collecting PyJWT==2.10.1 (from -r /evidence/requirements-linux-py312.lock (line 31))
  Using cached PyJWT-2.10.1-py3-none-any.whl (22 kB)
Collecting pytest==9.1.1 (from -r /evidence/requirements-linux-py312.lock (line 32))
  Using cached pytest-9.1.1-py3-none-any.whl (386 kB)
Collecting python-dotenv==1.2.3 (from -r /evidence/requirements-linux-py312.lock (line 33))
  Using cached python_dotenv-1.2.3-py3-none-any.whl (22 kB)
Collecting python-multipart==0.0.22 (from -r /evidence/requirements-linux-py312.lock (line 34))
  Using cached python_multipart-0.0.22-py3-none-any.whl (24 kB)
Collecting SQLAlchemy==2.0.54 (from -r /evidence/requirements-linux-py312.lock (line 35))
  Using cached sqlalchemy-2.0.54-cp312-cp312-manylinux2014_x86_64.manylinux_2_17_x86_64.manylinux_2_28_x86_64.whl (3.5 MB)
Collecting starlette==1.7.0 (from -r /evidence/requirements-linux-py312.lock (line 36))
  Using cached starlette-1.7.0-py3-none-any.whl (78 kB)
Collecting typing-inspection==0.4.4 (from -r /evidence/requirements-linux-py312.lock (line 37))
  Using cached typing_inspection-0.4.4-py3-none-any.whl (14 kB)
Collecting typing_extensions==4.16.0 (from -r /evidence/requirements-linux-py312.lock (line 38))
  Using cached typing_extensions-4.16.0-py3-none-any.whl (45 kB)
Collecting uvicorn==0.54.0 (from -r /evidence/requirements-linux-py312.lock (line 39))
  Using cached uvicorn-0.54.0-py3-none-any.whl (87 kB)
Installing collected packages: typing_extensions, python-multipart, python-dotenv, PyJWT, Pygments, pycparser, pwdlib, psycopg-binary, pluggy, packaging, MarkupSafe, iniconfig, idna, h11, greenlet, click, certifi, annotated-types, annotated-doc, uvicorn, typing-inspection, SQLAlchemy, pytest, pydantic_core, psycopg, Mako, httpcore, cffi, anyio, starlette, pydantic, httpx, GeoAlchemy2, argon2-cffi-bindings, alembic, pydantic-settings, fastapi, argon2-cffi
Successfully installed GeoAlchemy2-0.20.0 Mako-1.4.3 MarkupSafe-3.0.3 PyJWT-2.10.1 Pygments-2.21.0 SQLAlchemy-2.0.54 alembic-1.20.0 annotated-doc-0.0.5 annotated-types-0.8.0 anyio-4.15.1 argon2-cffi-25.1.0 argon2-cffi-bindings-26.1.0 certifi-2026.7.22 cffi-2.1.1 click-8.5.0 fastapi-0.141.1 greenlet-3.5.6 h11-0.16.0 httpcore-1.0.9 httpx-0.28.1 idna-3.20 iniconfig-2.3.0 packaging-26.3 pluggy-1.6.0 psycopg-3.3.6 psycopg-binary-3.3.6 pwdlib-0.3.0 pycparser-3.0 pydantic-2.13.5 pydantic-settings-2.13.1 pydantic_core-2.46.5 pytest-9.1.1 python-dotenv-1.2.3 python-multipart-0.0.22 starlette-1.7.0 typing-inspection-0.4.4 typing_extensions-4.16.0 uvicorn-0.54.0

[notice] A new release of pip is available: 24.0 -> 26.2.1
[notice] To update, run: python -m pip install --upgrade pip
