PROJECT_PLAN.md:7: trailing whitespace.
+- 更新日期：2026-10-01（M6统计整合、CSV导出、打印与中期演示材料完成；固定开发端口15433）
PROJECT_PLAN.md:9: trailing whitespace.
+- 当前状态：M0—M6本机实现与验收已完成，首批95个路口和2025年度95条画像保留；M6统计口径、导出与打印通过11项定向、141项全量实库回归和33项浏览器验收，开发库只读实施前后逐项一致。下一阶段为M7性能与恢复。完成范围见§0.4及[M6记录](docs/milestones/M6.md)。
PROJECT_PLAN.md:69: trailing whitespace.
+| 工程与Git | backend/frontend、23表、认证、M2导入/查询、M3空间归属、M4风险、M5模拟治理及M6统计/导出/打印已实现；开发库迁移0007_governance。历史HEAD记录见各阶段里程碑；本轮M6修改未提交或推送。[M6记录](docs/milestones/M6.md) |
PROJECT_PLAN.md:1647: trailing whitespace.
+**状态：本机验收完成。** 统一口径（先定一事故一行集合再统计明细、伤亡以casualty_stat为准、空月份不补零）、七组统计接口、事故CSV与统一统计报表CSV、打印样式及中期演示材料已完成。11项定向、141项全量独立实库回归、前端检查/构建与33项浏览器验收（含CSV解析、竞态、故障恢复、打印PDF）通过；开发库只读实施前后逐项一致。见[M6记录](docs/milestones/M6.md)、[ADR 0008](docs/decisions/0008-m6-statistics-export.md)与[中期演示脚本](docs/milestones/M6-demo.md)。
PROJECT_PLAN.md:1648: trailing whitespace.
+
PROJECT_PLAN.md:1856: trailing whitespace.
+| M6（完成） | 统一口径、七组统计接口、CSV导出与打印；11项定向+141项全量实库回归、33项浏览器验收及开发库前后核对，见M6记录 |
README.md:3: trailing whitespace.
+个人数据库课程设计。M0—M6本机实现与验收已完成；首批95个路口已核对道路身份，2025年度95条真实画像已生成，模拟治理任务支持多人执行与复核全过程；统计报表、CSV导出与打印已接入真实API。2025全年数据发布与网页重复导入验收通过；23表模型、角色分离、认证、三源CSV清洗/原子发布和事故查询已有实库证据。实施依据为[PROJECT_PLAN](PROJECT_PLAN.md)，本轮见[M6记录](docs/milestones/M6.md)，中期演示入口见[M6演示脚本](docs/milestones/M6-demo.md)，治理依据见[M5记录](docs/milestones/M5.md)，风险依据见[M4记录](docs/milestones/M4.md)，道路身份及剩余候选边界见[M3记录](docs/milestones/M3.md)，历史见[M2记录](docs/milestones/M2.md)和[M1模型记录](docs/milestones/M1-model.md)。
README.md:71: trailing whitespace.
+## M6统计、导出与打印
README.md:72: trailing whitespace.
+
README.md:73: trailing whitespace.
+登录后进入“统计报表”。页面通过真实API查询PostgreSQL，提供日期（结束日含当天，默认2025-01-01至2025-12-31，提交时自动转为次日排他上界）、行政区（1=布朗克斯、2=布鲁克林、3=曼哈顿、4=皇后区、5=斯塔滕岛）、街道、车型、原因筛选，并展示当前范围总览、行政区分布、月度趋势（含伤亡缺失列）、小时分布、原因Top10、车辆类型、人员类别（ADMIN/MANAGER）与模拟工单统计（ADMIN/MANAGER）。车型/原因筛选只负责选出涉及的事故，车辆与人员明细统计这些事故内的全部记录；伤亡为Crashes汇总口径，全部未知显示“无已知值”而不是0。月度空月份不补零，表格标注覆盖状态；原因/车型组别之间存在重叠，不做互斥占比图。
README.md:74: trailing whitespace.
+
README.md:75: trailing whitespace.
+“下载事故CSV”导出当前筛选的事故列表（上限5,000行数据，超限明确拒绝并提示缩小范围）；“下载统计报表CSV”（ADMIN/MANAGER）在同一数据库快照内一次生成总览/行政区/月度/小时/原因/车型/人员各节（聚合结果，无5000行上限）；两份CSV均带说明行（生成时间、revision、排他区间、口径与缺失/重叠说明），NULL导出为空字段。页面区分“正在编辑的表单”与“已应用筛选”：下载与打印始终绑定后者；数据版本不一致时输出停用并提示重新查询。“打印报表”使用浏览器打印样式：只保留统计面板，页首含可打印标题与已应用条件摘要及课程模拟标记。VIEWER可读基础统计与事故CSV，人员细分、治理统计及统计报表CSV由后端403。统计口径、导出与权限细节见[ADR 0008](docs/decisions/0008-m6-statistics-export.md)。
README.md:76: trailing whitespace.
+
README.md:97: trailing whitespace.
+| [M6统计记录](docs/milestones/M6.md) / [ADR 0008](docs/decisions/0008-m6-statistics-export.md) | 统计口径、CSV导出、打印与中期演示 |
README.md:109: trailing whitespace.
+开发库已发布2025全年85,546起官方事故、292,070条人员和170,015条车辆。完整年度三源CSV共547,631行；M2重复发布与网页重复导入均无事实增量。M3道路复核后revision=98、95个已确认、1个已拒绝、4个待定，95条正式归属覆盖349起事故。M4前向升级0006并生成run 1的95条画像，计算不改变事实或revision。M5已前向升级0007并完成独立随机库验收；M6为纯查询统计，迁移仍为0007，实施前后事实/revision/画像/工单逐项不变（工单/历史仍为0）。测试账户和合成夹具只存在独立验证库。worker执行导入/风险作业，app账号不直接写事故事实或风险画像。
README.md:111: trailing whitespace.
+本地Git由用户管理；本轮M6修改未提交或推送，历史记录中提及的旧HEAD保持其当时事实。M0库/卷仍独立保留（55432）。`.env`、`.venv`、`.m0-work`、`.m1-work`、`.m2-work`、`.m3-work`、`.m4-work`、`.m5-work`、`.m6-work`、data/raw、node_modules和dist留在本机且被忽略；公开证据不含密码/JWT/DSN或真实人员行，浏览器验收与截图使用独立合成验证库。本项目为本机开发验收，远程部署、全系统性能及备份恢复留M7/M8。既有Starlette TestClient/httpx弃用提示保留；前端构建包含ECharts全量引入产生的chunk体积警告，未更换依赖。
docs/milestones/tasks.md:3: trailing whitespace.
+状态日期：2026-10-01。`[x]` 表示有证据完成，`[ ]` 表示未完成；M0—M6本机验收已完成，首批95个路口道路身份及2025年度画像保留；模拟治理业务通过独立验收；统计整合、CSV导出与打印通过实库与浏览器验收。下一阶段为M7。
docs/milestones/tasks.md:101: trailing whitespace.
+## M6：统计整合与中期演示（本机验收完成）
docs/milestones/tasks.md:102: trailing whitespace.
+
docs/milestones/tasks.md:103: trailing whitespace.
+- [x] 统一口径：先定一事故一行筛选集合（EXISTS车型/原因筛选），再统计选中事故内全部明细；伤亡以casualty_stat为准，全未知返回NULL并单列缺失事故数；列表/统计/导出共享M2筛选实现。
docs/milestones/tasks.md:104: trailing whitespace.
+- [x] 总览、行政区（未知组保留）、月度趋势（空月份不补零并标注覆盖证据状态）、小时分布（缺失时间单列）、原因（按事故×原因去重、无原因单列、重叠说明）、车辆类型（记录数/事故数双计数、未知组）、人员明细（ADMIN/MANAGER）与模拟工单统计（ADMIN/MANAGER、排除软删除、未分配单列、不随历史重复累计）。
docs/milestones/tasks.md:105: trailing whitespace.
+- [x] 事故CSV与统一统计报表CSV导出：同一筛选集合与快照；5000行上限明确拒绝；UTF-8 BOM、说明行、NULL空字段、公式起始字符防护、稳定排序。
docs/milestones/tasks.md:106: trailing whitespace.
+- [x] 打印样式：仅保留统计面板与口径/缺失/重叠/模拟标记；图表防分页切割；afterprint恢复图表尺寸；无服务端PDF。
docs/milestones/tasks.md:107: trailing whitespace.
+- [x] 权限：VIEWER可读基础统计与事故CSV；人员细分、治理统计、统计报表CSV后端403；未登录401。
docs/milestones/tasks.md:108: trailing whitespace.
+- [x] 16项定向实库测试（手算夹具、边界、权限、CSV行数/转义/限流、治理统计）、146项全量实库回归、前端检查/构建、修正轮浏览器30项验收（F01—F07逐项、下载参数绑定、revision提示、同上下文角色切换、实际CSV内容解析、打印PDF）。
docs/milestones/tasks.md:109: trailing whitespace.
+- [x] 独立验收问题修正轮（F01—F07）：行政区映射、已应用筛选状态机、打印标题摘要、默认区间、月份上限/日期上界、空白街道与完善项；原始验收记录保留。
docs/milestones/tasks.md:110: trailing whitespace.
+- [x] 开发库只读实施前后核对一致（0007、revision98、85,546/292,070/170,015、95画像、工单0）；中期演示脚本与功能清单交付。
docs/milestones/tasks.md:111: trailing whitespace.
+
docs/milestones/tasks.md:112: trailing whitespace.
+证据与真实失败修复见[M6记录](M6.md)、[ADR 0008](../decisions/0008-m6-statistics-export.md)及[evidence/M6](../evidence/M6/)。
docs/milestones/tasks.md:113: trailing whitespace.
+
docs/milestones/tasks.md:114: trailing whitespace.
+## M7—M8（未开始）
