
> vision-zero-frontend@0.1.0 build
> vite build

vite v7.3.6 building client environment for production...
transforming...
✓ 2216 modules transformed.
rendering chunks...
computing gzip size...
dist/index.html                                      0.67 kB │ gzip:   0.47 kB
dist/assets/StatisticsPanel-nEZij-Xt.css             6.78 kB │ gzip:   1.68 kB
dist/assets/RiskPage-BtOYED4L.css                    7.99 kB │ gzip:   1.91 kB
dist/assets/CollisionPanel-SJugQgIL.css              8.07 kB │ gzip:   1.79 kB
dist/assets/ImportPanel-YwylX1yt.css                 9.63 kB │ gzip:   2.28 kB
dist/assets/GovernancePage-CTGJzK9n.css              9.92 kB │ gzip:   2.44 kB
dist/assets/MapPanel-D9IWh6l-.css                   23.48 kB │ gzip:   8.20 kB
dist/assets/index-B6Fo8Zfa.css                     386.73 kB │ gzip:  54.26 kB
dist/assets/_plugin-vue_export-helper-DlAUqK2U.js    0.09 kB │ gzip:   0.10 kB
dist/assets/MessagePage-ComDak1u.js                  0.71 kB │ gzip:   0.54 kB
dist/assets/m6-BYf8G9Tn.js                           1.16 kB │ gzip:   0.60 kB
dist/assets/m2-Utw9cnaA.js                           1.27 kB │ gzip:   0.50 kB
dist/assets/LoginPage-DgBux1Vd.js                    3.59 kB │ gzip:   1.94 kB
dist/assets/AccountPanel-z08hadsW.js                 6.05 kB │ gzip:   2.49 kB
dist/assets/OverviewPage-K7KBJ8Vw.js                10.58 kB │ gzip:   4.70 kB
dist/assets/RiskPage-46X-eNku.js                    14.22 kB │ gzip:   5.17 kB
dist/assets/GovernancePage-Dasf9OYX.js              18.39 kB │ gzip:   6.68 kB
dist/assets/ImportPanel-D942DREE.js                 19.38 kB │ gzip:   6.76 kB
dist/assets/index-C-8b40Df.js                       54.15 kB │ gzip:  20.46 kB
dist/assets/CollisionPanel-BynVkuep.js              57.71 kB │ gzip:  21.23 kB
dist/assets/index-DOhYhuqx.js                      121.68 kB │ gzip:  47.99 kB
dist/assets/MapPanel-Duksf16W.js                   172.26 kB │ gzip:  51.41 kB
dist/assets/StatisticsPanel-BWOs2tT0.js            524.03 kB │ gzip: 175.39 kB

(!) Some chunks are larger than 500 kB after minification. Consider:
- Using dynamic import() to code-split the application
- Use build.rollupOptions.output.manualChunks to improve chunking: https://rollupjs.org/configuration-options/#output-manualchunks
- Adjust chunk size limit for this warning via build.chunkSizeWarningLimit.
✓ built in 31.14s
