Looking in indexes: https://pypi.tuna.tsinghua.edu.cn/simple
Collecting alembic==1.20.0 (from -r validation/m0/requirements-win-py312.lock (line 2))
  Using cached https://pypi.tuna.tsinghua.edu.cn/packages/3f/27/78a89b55b0904d222183164e079b4ca56208e94eff1d35ad1f1ad5be9b06/alembic-1.20.0-py3-none-any.whl (268 kB)
Collecting annotated-doc==0.0.5 (from -r validation/m0/requirements-win-py312.lock (line 3))
  Using cached https://pypi.tuna.tsinghua.edu.cn/packages/3e/30/e900b21425a860e195f32e37657aa1f7c7f2b1bfb26f03ca209b90933c06/annotated_doc-0.0.5-py3-none-any.whl (5.3 kB)
Collecting annotated-types==0.8.0 (from -r validation/m0/requirements-win-py312.lock (line 4))
  Using cached https://pypi.tuna.tsinghua.edu.cn/packages/99/91/8acff4f5e50511b911bbccb72b8628a49c68ce14148cd9f6431094859a90/annotated_types-0.8.0-py3-none-any.whl (13 kB)
Collecting anyio==4.15.1 (from -r validation/m0/requirements-win-py312.lock (line 5))
  Using cached https://pypi.tuna.tsinghua.edu.cn/packages/12/b8/4bd346e22b28902df4d651910f5242c28d84e4a5c2435ca5c3f797ed7e2e/anyio-4.15.1-py3-none-any.whl (132 kB)
Collecting argon2-cffi==25.1.0 (from -r validation/m0/requirements-win-py312.lock (line 6))
  Using cached https://pypi.tuna.tsinghua.edu.cn/packages/4f/d3/a8b22fa575b297cd6e3e3b0155c7e25db170edf1c74783d6a31a2490b8d9/argon2_cffi-25.1.0-py3-none-any.whl (14 kB)
Collecting argon2-cffi-bindings==26.1.0 (from -r validation/m0/requirements-win-py312.lock (line 7))
  Using cached https://pypi.tuna.tsinghua.edu.cn/packages/6d/3a/0cc14a05810e6add9bce5e87693334baa2222de5f647fa31781885b6573f/argon2_cffi_bindings-26.1.0-cp310-abi3-win_amd64.whl (25 kB)
Collecting certifi==2026.7.22 (from -r validation/m0/requirements-win-py312.lock (line 8))
  Using cached https://pypi.tuna.tsinghua.edu.cn/packages/0b/a7/71ac2cff56fec219ed242bb11b8efb69fcc4bec75db06fb7bfe35de520e6/certifi-2026.7.22-py3-none-any.whl (136 kB)
Collecting cffi==2.1.1 (from -r validation/m0/requirements-win-py312.lock (line 9))
  Using cached https://pypi.tuna.tsinghua.edu.cn/packages/d9/79/615cc094e2fb508cade7de88d3b4f6c4ec2bab695c97bce9153dc65aadf5/cffi-2.1.1-cp312-cp312-win_amd64.whl (185 kB)
Collecting click==8.5.0 (from -r validation/m0/requirements-win-py312.lock (line 10))
  Using cached https://pypi.tuna.tsinghua.edu.cn/packages/58/50/6c0d534c5f134586a8e1ba4e330569e32f057e33372ae556463212fb4cd3/click-8.5.0-py3-none-any.whl (125 kB)
Collecting colorama==0.4.6 (from -r validation/m0/requirements-win-py312.lock (line 11))
  Using cached https://pypi.tuna.tsinghua.edu.cn/packages/d1/d6/3965ed04c63042e047cb6a3e6ed1a63a35087b6a609aa3a15ed8ac56c221/colorama-0.4.6-py2.py3-none-any.whl (25 kB)
Collecting fastapi==0.141.1 (from -r validation/m0/requirements-win-py312.lock (line 12))
  Using cached https://pypi.tuna.tsinghua.edu.cn/packages/cb/03/10388a42375ee7e4ac9b94eb2c5c569c8b5795e377e701c9ac3ad63de890/fastapi-0.141.1-py3-none-any.whl (131 kB)
Collecting GeoAlchemy2==0.20.0 (from -r validation/m0/requirements-win-py312.lock (line 13))
  Using cached https://pypi.tuna.tsinghua.edu.cn/packages/4e/08/b66ad4239f592e05202e25925c08cdd04cc14c3994000ec70ec61fea202c/geoalchemy2-0.20.0-py3-none-any.whl (96 kB)
Collecting greenlet==3.5.6 (from -r validation/m0/requirements-win-py312.lock (line 14))
  Using cached https://pypi.tuna.tsinghua.edu.cn/packages/c3/71/d79f1791f824f8ff15c2978746640467ae932a2365e0201069f7f272395f/greenlet-3.5.6-cp312-cp312-win_amd64.whl (324 kB)
Collecting h11==0.16.0 (from -r validation/m0/requirements-win-py312.lock (line 15))
  Using cached https://pypi.tuna.tsinghua.edu.cn/packages/04/4b/29cac41a4d98d144bf5f6d33995617b185d14b22401f75ca86f384e87ff1/h11-0.16.0-py3-none-any.whl (37 kB)
Collecting httpcore==1.0.9 (from -r validation/m0/requirements-win-py312.lock (line 16))
  Using cached https://pypi.tuna.tsinghua.edu.cn/packages/7e/f5/f66802a942d491edb555dd61e3a9961140fd64c90bce1eafd741609d334d/httpcore-1.0.9-py3-none-any.whl (78 kB)
Collecting httpx==0.28.1 (from -r validation/m0/requirements-win-py312.lock (line 17))
  Using cached https://pypi.tuna.tsinghua.edu.cn/packages/2a/39/e50c7c3a983047577ee07d2a9e53faf5a69493943ec3f6a384bdc792deb2/httpx-0.28.1-py3-none-any.whl (73 kB)
Collecting idna==3.20 (from -r validation/m0/requirements-win-py312.lock (line 18))
  Using cached https://pypi.tuna.tsinghua.edu.cn/packages/58/a2/bb081bab032533a855d44de1d56f8e8426114ff1ba5d1f07a438a0a654f8/idna-3.20-py3-none-any.whl (69 kB)
Collecting iniconfig==2.3.0 (from -r validation/m0/requirements-win-py312.lock (line 19))
  Using cached https://pypi.tuna.tsinghua.edu.cn/packages/cb/b1/3846dd7f199d53cb17f49cba7e651e9ce294d8497c8c150530ed11865bb8/iniconfig-2.3.0-py3-none-any.whl (7.5 kB)
Collecting Mako==1.4.3 (from -r validation/m0/requirements-win-py312.lock (line 20))
  Using cached https://pypi.tuna.tsinghua.edu.cn/packages/6d/a0/053d6af3e8f871e0073b4a36732d9e65be77a72e5434c31b94f6af78a6bb/mako-1.4.3-py3-none-any.whl (80 kB)
Collecting MarkupSafe==3.0.3 (from -r validation/m0/requirements-win-py312.lock (line 21))
  Using cached https://pypi.tuna.tsinghua.edu.cn/packages/aa/5b/bec5aa9bbbb2c946ca2733ef9c4ca91c91b6a24580193e891b5f7dbe8e1e/markupsafe-3.0.3-cp312-cp312-win_amd64.whl (15 kB)
Collecting packaging==26.3 (from -r validation/m0/requirements-win-py312.lock (line 22))
  Using cached https://pypi.tuna.tsinghua.edu.cn/packages/63/34/ba1c580383c9eada3711951fef0795c80b829a078d72188184bcab9dd527/packaging-26.3-py3-none-any.whl (129 kB)
Collecting pluggy==1.6.0 (from -r validation/m0/requirements-win-py312.lock (line 23))
  Using cached https://pypi.tuna.tsinghua.edu.cn/packages/54/20/4d324d65cc6d9205fabedc306948156824eb9f0ee1633355a8f7ec5c66bf/pluggy-1.6.0-py3-none-any.whl (20 kB)
Collecting psycopg==3.3.6 (from -r validation/m0/requirements-win-py312.lock (line 24))
  Using cached https://pypi.tuna.tsinghua.edu.cn/packages/4e/de/748bd7609c71cae5d737f0ba9192f19329f70180ecda8fff3cac02c5abe3/psycopg-3.3.6-py3-none-any.whl (215 kB)
Collecting psycopg-binary==3.3.6 (from -r validation/m0/requirements-win-py312.lock (line 25))
  Using cached https://pypi.tuna.tsinghua.edu.cn/packages/1a/9b/94ff7fce53a64d5b286e2ec454e0a025cf3d6e6b4a9189bef16aa5de98b2/psycopg_binary-3.3.6-cp312-cp312-win_amd64.whl (3.7 MB)
Collecting pwdlib==0.3.0 (from -r validation/m0/requirements-win-py312.lock (line 26))
  Using cached https://pypi.tuna.tsinghua.edu.cn/packages/62/0c/9086a357d02a050fbb3270bf5043ac284dbfb845670e16c9389a41defc9e/pwdlib-0.3.0-py3-none-any.whl (8.6 kB)
Collecting pycparser==3.0 (from -r validation/m0/requirements-win-py312.lock (line 27))
  Using cached https://pypi.tuna.tsinghua.edu.cn/packages/0c/c3/44f3fbbfa403ea2a7c779186dc20772604442dde72947e7d01069cbe98e3/pycparser-3.0-py3-none-any.whl (48 kB)
Collecting pydantic==2.13.5 (from -r validation/m0/requirements-win-py312.lock (line 28))
  Using cached https://pypi.tuna.tsinghua.edu.cn/packages/eb/47/c95ffc2009878c7aac0c5e08528022dcb885933252a88b5f170058014464/pydantic-2.13.5-py3-none-any.whl (472 kB)
Collecting pydantic-settings==2.13.1 (from -r validation/m0/requirements-win-py312.lock (line 29))
  Using cached https://pypi.tuna.tsinghua.edu.cn/packages/00/4b/ccc026168948fec4f7555b9164c724cf4125eac006e176541483d2c959be/pydantic_settings-2.13.1-py3-none-any.whl (58 kB)
Collecting pydantic_core==2.46.5 (from -r validation/m0/requirements-win-py312.lock (line 30))
  Using cached https://pypi.tuna.tsinghua.edu.cn/packages/cf/c9/4c19f41b84cf6b622a72fbeed7665b25d47a187d68d47d0d430c07f23268/pydantic_core-2.46.5-cp312-cp312-win_amd64.whl (2.0 MB)
Collecting Pygments==2.21.0 (from -r validation/m0/requirements-win-py312.lock (line 31))
  Using cached https://pypi.tuna.tsinghua.edu.cn/packages/71/46/17f022dd3e953bf20a04a028a21ec746d942f8d2af30fa0f124fa0e6a684/pygments-2.21.0-py3-none-any.whl (1.3 MB)
Collecting PyJWT==2.10.1 (from -r validation/m0/requirements-win-py312.lock (line 32))
  Using cached https://pypi.tuna.tsinghua.edu.cn/packages/61/ad/689f02752eeec26aed679477e80e632ef1b682313be70793d798c1d5fc8f/PyJWT-2.10.1-py3-none-any.whl (22 kB)
Collecting pytest==9.1.1 (from -r validation/m0/requirements-win-py312.lock (line 33))
  Using cached https://pypi.tuna.tsinghua.edu.cn/packages/24/25/1de2678b631f5a49215c6c96fff41ba892b0a34df68d6d80292b1b48aa7f/pytest-9.1.1-py3-none-any.whl (386 kB)
Collecting python-dotenv==1.2.3 (from -r validation/m0/requirements-win-py312.lock (line 34))
  Using cached https://pypi.tuna.tsinghua.edu.cn/packages/0d/17/c5c6b53ddc18f297992099b3d9ec16c855c0ccc83263a21fe4d1c625ec6c/python_dotenv-1.2.3-py3-none-any.whl (22 kB)
Collecting python-multipart==0.0.22 (from -r validation/m0/requirements-win-py312.lock (line 35))
  Using cached https://pypi.tuna.tsinghua.edu.cn/packages/1b/d0/397f9626e711ff749a95d96b7af99b9c566a9bb5129b8e4c10fc4d100304/python_multipart-0.0.22-py3-none-any.whl (24 kB)
Collecting SQLAlchemy==2.0.54 (from -r validation/m0/requirements-win-py312.lock (line 36))
  Using cached https://pypi.tuna.tsinghua.edu.cn/packages/d9/10/4a0f7113664c2877906db143709c52ddbd28a88e4d51f0b520bc30048ba7/sqlalchemy-2.0.54-cp312-cp312-win_amd64.whl (2.2 MB)
Collecting starlette==1.7.0 (from -r validation/m0/requirements-win-py312.lock (line 37))
  Using cached https://pypi.tuna.tsinghua.edu.cn/packages/4e/d6/1ec1b290f9e0fb067899b61e1d37a30c923068bad260b216dbe37a7d2967/starlette-1.7.0-py3-none-any.whl (78 kB)
Collecting typing-inspection==0.4.4 (from -r validation/m0/requirements-win-py312.lock (line 38))
  Using cached https://pypi.tuna.tsinghua.edu.cn/packages/67/81/4add07e5172b7ac40d8ed5ff580409a7801a4fe26d529bdd915401dabfbe/typing_inspection-0.4.4-py3-none-any.whl (14 kB)
Collecting typing_extensions==4.16.0 (from -r validation/m0/requirements-win-py312.lock (line 39))
  Using cached https://pypi.tuna.tsinghua.edu.cn/packages/49/d3/b8441a820a491ddfc024b0b0cf0393375b75ea13866d9c66727e54c2fc80/typing_extensions-4.16.0-py3-none-any.whl (45 kB)
Collecting tzdata==2026.4 (from -r validation/m0/requirements-win-py312.lock (line 40))
  Using cached https://pypi.tuna.tsinghua.edu.cn/packages/f9/bc/8737e8d54cf51106118039b83f485a4783112fab49ea9d044b234978a46e/tzdata-2026.4-py2.py3-none-any.whl (347 kB)
Collecting uvicorn==0.54.0 (from -r validation/m0/requirements-win-py312.lock (line 41))
  Using cached https://pypi.tuna.tsinghua.edu.cn/packages/38/0c/b54a4fdd7f90a3af8b02ebc9ce6712c2c208b7926a2f7bad95c33ebbe943/uvicorn-0.54.0-py3-none-any.whl (87 kB)
Would install GeoAlchemy2-0.20.0 Mako-1.4.3 MarkupSafe-3.0.3 PyJWT-2.10.1 Pygments-2.21.0 SQLAlchemy-2.0.54 alembic-1.20.0 annotated-doc-0.0.5 annotated-types-0.8.0 anyio-4.15.1 argon2-cffi-25.1.0 argon2-cffi-bindings-26.1.0 certifi-2026.7.22 cffi-2.1.1 click-8.5.0 colorama-0.4.6 fastapi-0.141.1 greenlet-3.5.6 h11-0.16.0 httpcore-1.0.9 httpx-0.28.1 idna-3.20 iniconfig-2.3.0 packaging-26.3 pluggy-1.6.0 psycopg-3.3.6 psycopg-binary-3.3.6 pwdlib-0.3.0 pycparser-3.0 pydantic-2.13.5 pydantic-settings-2.13.1 pydantic_core-2.46.5 pytest-9.1.1 python-dotenv-1.2.3 python-multipart-0.0.22 starlette-1.7.0 typing-inspection-0.4.4 typing_extensions-4.16.0 tzdata-2026.4 uvicorn-0.54.0

[notice] A new release of pip is available: 24.0 -> 26.2.1
[notice] To update, run: E:\数据库课设\.m0-work\python-env\Scripts\python.exe -m pip install --upgrade pip
