Looking in indexes: https://pypi.tuna.tsinghua.edu.cn/simple
Collecting fastapi==0.141.1 (from -r validation/m0/requirements.in (line 2))
  Downloading https://pypi.tuna.tsinghua.edu.cn/packages/cb/03/10388a42375ee7e4ac9b94eb2c5c569c8b5795e377e701c9ac3ad63de890/fastapi-0.141.1-py3-none-any.whl (131 kB)
     -------------------------------------- 132.0/132.0 kB 1.1 MB/s eta 0:00:00
Collecting SQLAlchemy==2.0.54 (from -r validation/m0/requirements.in (line 3))
  Downloading https://pypi.tuna.tsinghua.edu.cn/packages/d9/10/4a0f7113664c2877906db143709c52ddbd28a88e4d51f0b520bc30048ba7/sqlalchemy-2.0.54-cp312-cp312-win_amd64.whl (2.2 MB)
     ---------------------------------------- 2.2/2.2 MB 6.3 MB/s eta 0:00:00
Collecting psycopg==3.3.6 (from psycopg[binary]==3.3.6->-r validation/m0/requirements.in (line 4))
  Downloading https://pypi.tuna.tsinghua.edu.cn/packages/4e/de/748bd7609c71cae5d737f0ba9192f19329f70180ecda8fff3cac02c5abe3/psycopg-3.3.6-py3-none-any.whl (215 kB)
     -------------------------------------- 215.5/215.5 kB 6.6 MB/s eta 0:00:00
Collecting alembic==1.20.0 (from -r validation/m0/requirements.in (line 5))
  Downloading https://pypi.tuna.tsinghua.edu.cn/packages/3f/27/78a89b55b0904d222183164e079b4ca56208e94eff1d35ad1f1ad5be9b06/alembic-1.20.0-py3-none-any.whl (268 kB)
     -------------------------------------- 268.7/268.7 kB 2.4 MB/s eta 0:00:00
Collecting GeoAlchemy2==0.20.0 (from -r validation/m0/requirements.in (line 6))
  Downloading https://pypi.tuna.tsinghua.edu.cn/packages/4e/08/b66ad4239f592e05202e25925c08cdd04cc14c3994000ec70ec61fea202c/geoalchemy2-0.20.0-py3-none-any.whl (96 kB)
     -------------------------------------- 96.5/96.5 kB 791.1 kB/s eta 0:00:00
Collecting uvicorn==0.54.0 (from -r validation/m0/requirements.in (line 7))
  Downloading https://pypi.tuna.tsinghua.edu.cn/packages/38/0c/b54a4fdd7f90a3af8b02ebc9ce6712c2c208b7926a2f7bad95c33ebbe943/uvicorn-0.54.0-py3-none-any.whl (87 kB)
     ---------------------------------------- 87.4/87.4 kB 2.5 MB/s eta 0:00:00
Collecting pytest==9.1.1 (from -r validation/m0/requirements.in (line 8))
  Downloading https://pypi.tuna.tsinghua.edu.cn/packages/24/25/1de2678b631f5a49215c6c96fff41ba892b0a34df68d6d80292b1b48aa7f/pytest-9.1.1-py3-none-any.whl (386 kB)
     -------------------------------------- 386.5/386.5 kB 3.0 MB/s eta 0:00:00
Collecting httpx==0.28.1 (from -r validation/m0/requirements.in (line 9))
  Downloading https://pypi.tuna.tsinghua.edu.cn/packages/2a/39/e50c7c3a983047577ee07d2a9e53faf5a69493943ec3f6a384bdc792deb2/httpx-0.28.1-py3-none-any.whl (73 kB)
     -------------------------------------- 73.5/73.5 kB 811.2 kB/s eta 0:00:00
Collecting PyJWT==2.10.1 (from -r validation/m0/requirements.in (line 10))
  Downloading https://pypi.tuna.tsinghua.edu.cn/packages/61/ad/689f02752eeec26aed679477e80e632ef1b682313be70793d798c1d5fc8f/PyJWT-2.10.1-py3-none-any.whl (22 kB)
Collecting pwdlib==0.3.0 (from pwdlib[argon2]==0.3.0->-r validation/m0/requirements.in (line 11))
  Downloading https://pypi.tuna.tsinghua.edu.cn/packages/62/0c/9086a357d02a050fbb3270bf5043ac284dbfb845670e16c9389a41defc9e/pwdlib-0.3.0-py3-none-any.whl (8.6 kB)
Collecting pydantic-settings==2.13.1 (from -r validation/m0/requirements.in (line 12))
  Downloading https://pypi.tuna.tsinghua.edu.cn/packages/00/4b/ccc026168948fec4f7555b9164c724cf4125eac006e176541483d2c959be/pydantic_settings-2.13.1-py3-none-any.whl (58 kB)
     -------------------------------------- 58.9/58.9 kB 785.3 kB/s eta 0:00:00
Collecting python-multipart==0.0.22 (from -r validation/m0/requirements.in (line 13))
  Downloading https://pypi.tuna.tsinghua.edu.cn/packages/1b/d0/397f9626e711ff749a95d96b7af99b9c566a9bb5129b8e4c10fc4d100304/python_multipart-0.0.22-py3-none-any.whl (24 kB)
Collecting starlette>=0.46.0 (from fastapi==0.141.1->-r validation/m0/requirements.in (line 2))
  Downloading https://pypi.tuna.tsinghua.edu.cn/packages/4e/d6/1ec1b290f9e0fb067899b61e1d37a30c923068bad260b216dbe37a7d2967/starlette-1.7.0-py3-none-any.whl (78 kB)
     -------------------------------------- 79.0/79.0 kB 881.3 kB/s eta 0:00:00
Collecting pydantic>=2.9.0 (from fastapi==0.141.1->-r validation/m0/requirements.in (line 2))
  Downloading https://pypi.tuna.tsinghua.edu.cn/packages/eb/47/c95ffc2009878c7aac0c5e08528022dcb885933252a88b5f170058014464/pydantic-2.13.5-py3-none-any.whl (472 kB)
     ------------------------------------ 472.6/472.6 kB 870.7 kB/s eta 0:00:00
Collecting typing-extensions>=4.8.0 (from fastapi==0.141.1->-r validation/m0/requirements.in (line 2))
  Downloading https://pypi.tuna.tsinghua.edu.cn/packages/49/d3/b8441a820a491ddfc024b0b0cf0393375b75ea13866d9c66727e54c2fc80/typing_extensions-4.16.0-py3-none-any.whl (45 kB)
     -------------------------------------- 45.6/45.6 kB 751.7 kB/s eta 0:00:00
Collecting typing-inspection>=0.4.2 (from fastapi==0.141.1->-r validation/m0/requirements.in (line 2))
  Downloading https://pypi.tuna.tsinghua.edu.cn/packages/67/81/4add07e5172b7ac40d8ed5ff580409a7801a4fe26d529bdd915401dabfbe/typing_inspection-0.4.4-py3-none-any.whl (14 kB)
Collecting annotated-doc>=0.0.2 (from fastapi==0.141.1->-r validation/m0/requirements.in (line 2))
  Downloading https://pypi.tuna.tsinghua.edu.cn/packages/3e/30/e900b21425a860e195f32e37657aa1f7c7f2b1bfb26f03ca209b90933c06/annotated_doc-0.0.5-py3-none-any.whl (5.3 kB)
Collecting greenlet>=1 (from SQLAlchemy==2.0.54->-r validation/m0/requirements.in (line 3))
  Downloading https://pypi.tuna.tsinghua.edu.cn/packages/c3/71/d79f1791f824f8ff15c2978746640467ae932a2365e0201069f7f272395f/greenlet-3.5.6-cp312-cp312-win_amd64.whl (324 kB)
     ------------------------------------ 324.2/324.2 kB 912.7 kB/s eta 0:00:00
Collecting tzdata (from psycopg==3.3.6->psycopg[binary]==3.3.6->-r validation/m0/requirements.in (line 4))
  Downloading https://pypi.tuna.tsinghua.edu.cn/packages/f9/bc/8737e8d54cf51106118039b83f485a4783112fab49ea9d044b234978a46e/tzdata-2026.4-py2.py3-none-any.whl (347 kB)
     ------------------------------------ 347.5/347.5 kB 980.4 kB/s eta 0:00:00
Collecting Mako (from alembic==1.20.0->-r validation/m0/requirements.in (line 5))
  Downloading https://pypi.tuna.tsinghua.edu.cn/packages/6d/a0/053d6af3e8f871e0073b4a36732d9e65be77a72e5434c31b94f6af78a6bb/mako-1.4.3-py3-none-any.whl (80 kB)
     -------------------------------------- 80.2/80.2 kB 896.5 kB/s eta 0:00:00
Collecting packaging (from GeoAlchemy2==0.20.0->-r validation/m0/requirements.in (line 6))
  Downloading https://pypi.tuna.tsinghua.edu.cn/packages/63/34/ba1c580383c9eada3711951fef0795c80b829a078d72188184bcab9dd527/packaging-26.3-py3-none-any.whl (129 kB)
     ------------------------------------ 130.0/130.0 kB 957.7 kB/s eta 0:00:00
Collecting click>=7.0 (from uvicorn==0.54.0->-r validation/m0/requirements.in (line 7))
  Downloading https://pypi.tuna.tsinghua.edu.cn/packages/58/50/6c0d534c5f134586a8e1ba4e330569e32f057e33372ae556463212fb4cd3/click-8.5.0-py3-none-any.whl (125 kB)
     -------------------------------------- 125.3/125.3 kB 3.7 MB/s eta 0:00:00
Collecting h11>=0.8 (from uvicorn==0.54.0->-r validation/m0/requirements.in (line 7))
  Downloading https://pypi.tuna.tsinghua.edu.cn/packages/04/4b/29cac41a4d98d144bf5f6d33995617b185d14b22401f75ca86f384e87ff1/h11-0.16.0-py3-none-any.whl (37 kB)
Collecting colorama>=0.4 (from pytest==9.1.1->-r validation/m0/requirements.in (line 8))
  Using cached https://pypi.tuna.tsinghua.edu.cn/packages/d1/d6/3965ed04c63042e047cb6a3e6ed1a63a35087b6a609aa3a15ed8ac56c221/colorama-0.4.6-py2.py3-none-any.whl (25 kB)
Collecting iniconfig>=1.0.1 (from pytest==9.1.1->-r validation/m0/requirements.in (line 8))
  Downloading https://pypi.tuna.tsinghua.edu.cn/packages/cb/b1/3846dd7f199d53cb17f49cba7e651e9ce294d8497c8c150530ed11865bb8/iniconfig-2.3.0-py3-none-any.whl (7.5 kB)
Collecting pluggy<2,>=1.5 (from pytest==9.1.1->-r validation/m0/requirements.in (line 8))
  Downloading https://pypi.tuna.tsinghua.edu.cn/packages/54/20/4d324d65cc6d9205fabedc306948156824eb9f0ee1633355a8f7ec5c66bf/pluggy-1.6.0-py3-none-any.whl (20 kB)
Collecting pygments>=2.7.2 (from pytest==9.1.1->-r validation/m0/requirements.in (line 8))
  Downloading https://pypi.tuna.tsinghua.edu.cn/packages/71/46/17f022dd3e953bf20a04a028a21ec746d942f8d2af30fa0f124fa0e6a684/pygments-2.21.0-py3-none-any.whl (1.3 MB)
     ---------------------------------------- 1.3/1.3 MB 835.5 kB/s eta 0:00:00
Collecting anyio (from httpx==0.28.1->-r validation/m0/requirements.in (line 9))
  Downloading https://pypi.tuna.tsinghua.edu.cn/packages/12/b8/4bd346e22b28902df4d651910f5242c28d84e4a5c2435ca5c3f797ed7e2e/anyio-4.15.1-py3-none-any.whl (132 kB)
     ------------------------------------ 132.1/132.1 kB 974.7 kB/s eta 0:00:00
Collecting certifi (from httpx==0.28.1->-r validation/m0/requirements.in (line 9))
  Downloading https://pypi.tuna.tsinghua.edu.cn/packages/0b/a7/71ac2cff56fec219ed242bb11b8efb69fcc4bec75db06fb7bfe35de520e6/certifi-2026.7.22-py3-none-any.whl (136 kB)
     ------------------------------------ 137.0/137.0 kB 245.6 kB/s eta 0:00:00
Collecting httpcore==1.* (from httpx==0.28.1->-r validation/m0/requirements.in (line 9))
  Downloading https://pypi.tuna.tsinghua.edu.cn/packages/7e/f5/f66802a942d491edb555dd61e3a9961140fd64c90bce1eafd741609d334d/httpcore-1.0.9-py3-none-any.whl (78 kB)
     ---------------------------------------- 78.8/78.8 kB 1.1 MB/s eta 0:00:00
Collecting idna (from httpx==0.28.1->-r validation/m0/requirements.in (line 9))
  Downloading https://pypi.tuna.tsinghua.edu.cn/packages/58/a2/bb081bab032533a855d44de1d56f8e8426114ff1ba5d1f07a438a0a654f8/idna-3.20-py3-none-any.whl (69 kB)
     -------------------------------------- 69.6/69.6 kB 942.0 kB/s eta 0:00:00
Collecting python-dotenv>=0.21.0 (from pydantic-settings==2.13.1->-r validation/m0/requirements.in (line 12))
  Downloading https://pypi.tuna.tsinghua.edu.cn/packages/0d/17/c5c6b53ddc18f297992099b3d9ec16c855c0ccc83263a21fe4d1c625ec6c/python_dotenv-1.2.3-py3-none-any.whl (22 kB)
Collecting psycopg-binary==3.3.6 (from psycopg[binary]==3.3.6->-r validation/m0/requirements.in (line 4))
  Downloading https://pypi.tuna.tsinghua.edu.cn/packages/1a/9b/94ff7fce53a64d5b286e2ec454e0a025cf3d6e6b4a9189bef16aa5de98b2/psycopg_binary-3.3.6-cp312-cp312-win_amd64.whl (3.7 MB)
     ---------------------------------------- 3.7/3.7 MB 1.2 MB/s eta 0:00:00
Collecting argon2-cffi<26,>=23.1.0 (from pwdlib[argon2]==0.3.0->-r validation/m0/requirements.in (line 11))
  Downloading https://pypi.tuna.tsinghua.edu.cn/packages/4f/d3/a8b22fa575b297cd6e3e3b0155c7e25db170edf1c74783d6a31a2490b8d9/argon2_cffi-25.1.0-py3-none-any.whl (14 kB)
Collecting argon2-cffi-bindings (from argon2-cffi<26,>=23.1.0->pwdlib[argon2]==0.3.0->-r validation/m0/requirements.in (line 11))
  Downloading https://pypi.tuna.tsinghua.edu.cn/packages/6d/3a/0cc14a05810e6add9bce5e87693334baa2222de5f647fa31781885b6573f/argon2_cffi_bindings-26.1.0-cp310-abi3-win_amd64.whl (25 kB)
Collecting annotated-types>=0.6.0 (from pydantic>=2.9.0->fastapi==0.141.1->-r validation/m0/requirements.in (line 2))
  Downloading https://pypi.tuna.tsinghua.edu.cn/packages/99/91/8acff4f5e50511b911bbccb72b8628a49c68ce14148cd9f6431094859a90/annotated_types-0.8.0-py3-none-any.whl (13 kB)
Collecting pydantic-core==2.46.5 (from pydantic>=2.9.0->fastapi==0.141.1->-r validation/m0/requirements.in (line 2))
  Downloading https://pypi.tuna.tsinghua.edu.cn/packages/cf/c9/4c19f41b84cf6b622a72fbeed7665b25d47a187d68d47d0d430c07f23268/pydantic_core-2.46.5-cp312-cp312-win_amd64.whl (2.0 MB)
     ---------------------------------------- 2.0/2.0 MB 1.8 MB/s eta 0:00:00
Collecting MarkupSafe>=2.0 (from Mako->alembic==1.20.0->-r validation/m0/requirements.in (line 5))
  Downloading https://pypi.tuna.tsinghua.edu.cn/packages/aa/5b/bec5aa9bbbb2c946ca2733ef9c4ca91c91b6a24580193e891b5f7dbe8e1e/markupsafe-3.0.3-cp312-cp312-win_amd64.whl (15 kB)
Collecting cffi>=1.0.1 (from argon2-cffi-bindings->argon2-cffi<26,>=23.1.0->pwdlib[argon2]==0.3.0->-r validation/m0/requirements.in (line 11))
  Downloading https://pypi.tuna.tsinghua.edu.cn/packages/d9/79/615cc094e2fb508cade7de88d3b4f6c4ec2bab695c97bce9153dc65aadf5/cffi-2.1.1-cp312-cp312-win_amd64.whl (185 kB)
     -------------------------------------- 185.9/185.9 kB 1.6 MB/s eta 0:00:00
Collecting pycparser (from cffi>=1.0.1->argon2-cffi-bindings->argon2-cffi<26,>=23.1.0->pwdlib[argon2]==0.3.0->-r validation/m0/requirements.in (line 11))
  Downloading https://pypi.tuna.tsinghua.edu.cn/packages/0c/c3/44f3fbbfa403ea2a7c779186dc20772604442dde72947e7d01069cbe98e3/pycparser-3.0-py3-none-any.whl (48 kB)
     ---------------------------------------- 48.2/48.2 kB 2.4 MB/s eta 0:00:00
Installing collected packages: tzdata, typing-extensions, python-multipart, python-dotenv, PyJWT, pygments, pycparser, pwdlib, psycopg-binary, pluggy, packaging, MarkupSafe, iniconfig, idna, h11, greenlet, colorama, click, certifi, annotated-types, annotated-doc, uvicorn, typing-inspection, SQLAlchemy, pytest, pydantic-core, psycopg, Mako, httpcore, cffi, anyio, starlette, pydantic, httpx, GeoAlchemy2, argon2-cffi-bindings, alembic, pydantic-settings, fastapi, argon2-cffi
Successfully installed GeoAlchemy2-0.20.0 Mako-1.4.3 MarkupSafe-3.0.3 PyJWT-2.10.1 SQLAlchemy-2.0.54 alembic-1.20.0 annotated-doc-0.0.5 annotated-types-0.8.0 anyio-4.15.1 argon2-cffi-25.1.0 argon2-cffi-bindings-26.1.0 certifi-2026.7.22 cffi-2.1.1 click-8.5.0 colorama-0.4.6 fastapi-0.141.1 greenlet-3.5.6 h11-0.16.0 httpcore-1.0.9 httpx-0.28.1 idna-3.20 iniconfig-2.3.0 packaging-26.3 pluggy-1.6.0 psycopg-3.3.6 psycopg-binary-3.3.6 pwdlib-0.3.0 pycparser-3.0 pydantic-2.13.5 pydantic-core-2.46.5 pydantic-settings-2.13.1 pygments-2.21.0 pytest-9.1.1 python-dotenv-1.2.3 python-multipart-0.0.22 starlette-1.7.0 typing-extensions-4.16.0 typing-inspection-0.4.4 tzdata-2026.4 uvicorn-0.54.0

[notice] A new release of pip is available: 24.0 -> 26.2.1
[notice] To update, run: E:\数据库课设\.m0-work\python-env\Scripts\python.exe -m pip install --upgrade pip
